Wed Apr 30 2025 17:09:04 GMT+0800 (Philippine Standard Time) | Action: (Download) "/cscro6-trainings.atwebpages.com/pa/index.php"
Wed Apr 30 2025 17:09:13 GMT+0800 (Philippine Standard Time) | Action: (CheckOut) "/cscro6-trainings.atwebpages.com/pa/index.php"
Wed Apr 30 2025 17:09:16 GMT+0800 (Philippine Standard Time) | Action: (Download) "/cscro6-trainings.atwebpages.com/pa/index.php"
Wed Apr 30 2025 17:09:18 GMT+0800 (Philippine Standard Time) | Error: (Download) {Checkout file before you Download!}
Wed Apr 30 2025 17:09:23 GMT+0800 (Philippine Standard Time) | Action: (CheckOut) "/cscro6-trainings.atwebpages.com/pa/index.php"
Wed Apr 30 2025 17:09:25 GMT+0800 (Philippine Standard Time) | Error: (Download) {Checkout file before you Download!}
Wed Apr 30 2025 17:09:26 GMT+0800 (Philippine Standard Time) | Action: (CheckOut) "Successfully Checked Out /cscro6-trainings.atwebpages.com/pa/index.php"
Wed Apr 30 2025 17:09:34 GMT+0800 (Philippine Standard Time) | Action: (CheckOut) "Already Checked Out /cscro6-trainings.atwebpages.com/pa/index.php"
Wed Apr 30 2025 17:12:45 GMT+0800 (Philippine Standard Time) | Action: (CheckIn) "c:\xampp\htdocs\hrd_hub/cscro6-trainings.atwebpages.com/pa/index.php"
Wed Apr 30 2025 17:12:53 GMT+0800 (Philippine Standard Time) | Action: (Upload) "c:\xampp\htdocs\hrd_hub/cscro6-trainings.atwebpages.com/pa/index.php"
Wed Apr 30 2025 17:12:59 GMT+0800 (Philippine Standard Time) | Action: (CheckIn) "Successfully Checked In."
Wed Apr 30 2025 17:15:27 GMT+0800 (Philippine Standard Time) | Action: (CheckOut) "/cscro6-trainings.atwebpages.com/pa/index.php"
Wed Apr 30 2025 17:15:39 GMT+0800 (Philippine Standard Time) | Action: (CheckOut) "Successfully Checked Out /cscro6-trainings.atwebpages.com/pa/index.php"
Wed Apr 30 2025 17:16:15 GMT+0800 (Philippine Standard Time) | Action: (CheckOut) "/cscro6-trainings.atwebpages.com/pa/components/pages/viewTraining.php"
Wed Apr 30 2025 17:16:25 GMT+0800 (Philippine Standard Time) | Action: (CheckOut) "Successfully Checked Out /cscro6-trainings.atwebpages.com/pa/components/pages/viewTraining.php"
Wed Apr 30 2025 17:16:48 GMT+0800 (Philippine Standard Time) | Action: (Upload) "c:\xampp\htdocs\hrd_hub/cscro6-trainings.atwebpages.com/pa/components/pages/viewTraining.php"
Wed Apr 30 2025 17:16:55 GMT+0800 (Philippine Standard Time) | Action: (Upload) "/cscro6-trainings.atwebpages.com/pa/components/pages/viewTraining.php"
Wed Apr 30 2025 17:16:59 GMT+0800 (Philippine Standard Time) | Action: (Upload) "Successfully Uploaded."
Wed Apr 30 2025 17:17:37 GMT+0800 (Philippine Standard Time) | Action: (Upload) "c:\xampp\htdocs\hrd_hub/cscro6-trainings.atwebpages.com/pa/components/pages/viewTraining.php"
Wed Apr 30 2025 17:17:44 GMT+0800 (Philippine Standard Time) | Action: (Upload) "/cscro6-trainings.atwebpages.com/pa/components/pages/viewTraining.php"
Wed Apr 30 2025 17:17:48 GMT+0800 (Philippine Standard Time) | Action: (Upload) "Successfully Uploaded."
Wed Apr 30 2025 17:19:07 GMT+0800 (Philippine Standard Time) | Action: (Upload) "c:\xampp\htdocs\hrd_hub/cscro6-trainings.atwebpages.com/pa/components/pages/viewTraining.php"
Wed Apr 30 2025 17:19:14 GMT+0800 (Philippine Standard Time) | Action: (Upload) "/cscro6-trainings.atwebpages.com/pa/components/pages/viewTraining.php"
Wed Apr 30 2025 17:19:19 GMT+0800 (Philippine Standard Time) | Action: (Upload) "Successfully Uploaded."
Wed Apr 30 2025 17:19:48 GMT+0800 (Philippine Standard Time) | Action: (Upload) "c:\xampp\htdocs\hrd_hub/cscro6-trainings.atwebpages.com/pa/components/pages/viewTraining.php"
Wed Apr 30 2025 17:19:55 GMT+0800 (Philippine Standard Time) | Action: (Upload) "/cscro6-trainings.atwebpages.com/pa/components/pages/viewTraining.php"
Wed Apr 30 2025 17:19:59 GMT+0800 (Philippine Standard Time) | Action: (Upload) "Successfully Uploaded."
Wed Apr 30 2025 17:21:22 GMT+0800 (Philippine Standard Time) | Action: (Upload) "c:\xampp\htdocs\hrd_hub/cscro6-trainings.atwebpages.com/pa/components/pages/viewTraining.php"
Wed Apr 30 2025 17:21:27 GMT+0800 (Philippine Standard Time) | Action: (Upload) "c:\xampp\htdocs\hrd_hub/cscro6-trainings.atwebpages.com/pa/index.php"
Wed Apr 30 2025 17:21:28 GMT+0800 (Philippine Standard Time) | Action: (Upload) "/cscro6-trainings.atwebpages.com/pa/components/pages/viewTraining.php"
Wed Apr 30 2025 17:21:32 GMT+0800 (Philippine Standard Time) | Action: (Upload) "Successfully Uploaded."
Wed Apr 30 2025 17:21:35 GMT+0800 (Philippine Standard Time) | Action: (Upload) "/cscro6-trainings.atwebpages.com/pa/index.php"
Wed Apr 30 2025 17:21:38 GMT+0800 (Philippine Standard Time) | Action: (Upload) "Successfully Uploaded."
Wed Apr 30 2025 17:23:09 GMT+0800 (Philippine Standard Time) | Action: (Upload) "c:\xampp\htdocs\hrd_hub/cscro6-trainings.atwebpages.com/pa/components/pages/viewTraining.php"
Wed Apr 30 2025 17:23:12 GMT+0800 (Philippine Standard Time) | Action: (Upload) "c:\xampp\htdocs\hrd_hub/cscro6-trainings.atwebpages.com/pa/index.php"
Wed Apr 30 2025 17:23:20 GMT+0800 (Philippine Standard Time) | Action: (Upload) "/cscro6-trainings.atwebpages.com/pa/index.php"
Wed Apr 30 2025 17:23:26 GMT+0800 (Philippine Standard Time) | Action: (Upload) "Successfully Uploaded."
Wed Apr 30 2025 17:23:47 GMT+0800 (Philippine Standard Time) | Action: (Upload) "/cscro6-trainings.atwebpages.com/pa/components/pages/viewTraining.php"
Wed Apr 30 2025 17:23:48 GMT+0800 (Philippine Standard Time) | Action: (Upload) "c:\xampp\htdocs\hrd_hub/cscro6-trainings.atwebpages.com/pa/components/pages/viewTraining.php"
Wed Apr 30 2025 17:23:51 GMT+0800 (Philippine Standard Time) | Action: (Upload) "Successfully Uploaded."
Wed Apr 30 2025 17:23:56 GMT+0800 (Philippine Standard Time) | Action: (Upload) "/cscro6-trainings.atwebpages.com/pa/components/pages/viewTraining.php"
Wed Apr 30 2025 17:23:59 GMT+0800 (Philippine Standard Time) | Action: (Upload) "Successfully Uploaded."
Wed Apr 30 2025 17:24:06 GMT+0800 (Philippine Standard Time) | Action: (Upload) "c:\xampp\htdocs\hrd_hub/cscro6-trainings.atwebpages.com/pa/components/pages/viewTraining.php"
Wed Apr 30 2025 17:24:13 GMT+0800 (Philippine Standard Time) | Action: (Upload) "/cscro6-trainings.atwebpages.com/pa/components/pages/viewTraining.php"
Wed Apr 30 2025 17:24:16 GMT+0800 (Philippine Standard Time) | Action: (Upload) "Successfully Uploaded."
Wed Apr 30 2025 17:24:38 GMT+0800 (Philippine Standard Time) | Action: (Upload) "c:\xampp\htdocs\hrd_hub/cscro6-trainings.atwebpages.com/pa/index.php"
Wed Apr 30 2025 17:24:45 GMT+0800 (Philippine Standard Time) | Action: (Upload) "/cscro6-trainings.atwebpages.com/pa/index.php"
Wed Apr 30 2025 17:24:48 GMT+0800 (Philippine Standard Time) | Action: (Upload) "Successfully Uploaded."
Fri May 02 2025 08:24:03 GMT+0800 (Philippine Standard Time) | Action: (NewFile) "File Created logout.php"
Fri May 02 2025 08:24:44 GMT+0800 (Philippine Standard Time) | Action: (CheckOut) "/cscro6-trainings.atwebpages.com/pa/components/processes/logout.php"
Fri May 02 2025 08:24:53 GMT+0800 (Philippine Standard Time) | Action: (CheckOut) "Successfully Checked Out /cscro6-trainings.atwebpages.com/pa/components/processes/logout.php"
Fri May 02 2025 08:25:21 GMT+0800 (Philippine Standard Time) | Action: (Download) "/cscro6-trainings.atwebpages.com/pa/components/processes/logout.php"
Fri May 02 2025 08:25:31 GMT+0800 (Philippine Standard Time) | Action: (Download) "Successfully Downloaded."
Fri May 02 2025 08:25:40 GMT+0800 (Philippine Standard Time) | Action: (CheckIn) "c:\xampp\htdocs\hrd_hub/cscro6-trainings.atwebpages.com/pa/components/processes/logout.php"
Fri May 02 2025 08:25:44 GMT+0800 (Philippine Standard Time) | Action: (CheckIn) "c:\xampp\htdocs\hrd_hub/cscro6-trainings.atwebpages.com/pa/index.php"
Fri May 02 2025 08:25:47 GMT+0800 (Philippine Standard Time) | Action: (CheckIn) "c:\xampp\htdocs\hrd_hub/cscro6-trainings.atwebpages.com/pa/index.php"
Fri May 02 2025 08:25:50 GMT+0800 (Philippine Standard Time) | Action: (CheckIn) "Successfully Checked In."
Fri May 02 2025 08:25:58 GMT+0800 (Philippine Standard Time) | Action: (CheckIn) "Successfully Checked In."
Fri May 02 2025 08:27:22 GMT+0800 (Philippine Standard Time) | Action: (Upload) "c:\xampp\htdocs\hrd_hub/cscro6-trainings.atwebpages.com/pa/components/processes/logout.php"
Fri May 02 2025 08:28:17 GMT+0800 (Philippine Standard Time) | Action: (CheckOut) "/cscro6-trainings.atwebpages.com/pa/components/processes/logout.php"
Fri May 02 2025 08:28:27 GMT+0800 (Philippine Standard Time) | Action: (CheckOut) "Successfully Checked Out /cscro6-trainings.atwebpages.com/pa/components/processes/logout.php"
Fri May 02 2025 08:29:29 GMT+0800 (Philippine Standard Time) | Action: (CheckIn) "c:\xampp\htdocs\hrd_hub/cscro6-trainings.atwebpages.com/pa/components/processes/logout.php"
Fri May 02 2025 08:29:37 GMT+0800 (Philippine Standard Time) | Action: (Upload) "c:\xampp\htdocs\hrd_hub/cscro6-trainings.atwebpages.com/pa/components/processes/logout.php"
Fri May 02 2025 08:29:43 GMT+0800 (Philippine Standard Time) | Action: (CheckIn) "Successfully Checked In."
Fri May 02 2025 08:30:09 GMT+0800 (Philippine Standard Time) | Action: (CheckIn) "c:\xampp\htdocs\hrd_hub/cscro6-trainings.atwebpages.com/pa/components/processes/logout.php"
Fri May 02 2025 08:30:16 GMT+0800 (Philippine Standard Time) | Action: (CheckOut) "/cscro6-trainings.atwebpages.com/pa/components/processes/logout.php"
Fri May 02 2025 08:30:18 GMT+0800 (Philippine Standard Time) | Error: (CheckIn) {Checkout file before you Check-In!}
Fri May 02 2025 08:30:25 GMT+0800 (Philippine Standard Time) | Action: (CheckOut) "Successfully Checked Out /cscro6-trainings.atwebpages.com/pa/components/processes/logout.php"
Fri May 02 2025 08:30:43 GMT+0800 (Philippine Standard Time) | Action: (CheckOut) "/cscro6-trainings.atwebpages.com/pa/components/processes/logout.php"
Fri May 02 2025 08:30:52 GMT+0800 (Philippine Standard Time) | Action: (CheckOut) "Already Checked Out /cscro6-trainings.atwebpages.com/pa/components/processes/logout.php"
Fri May 02 2025 08:30:58 GMT+0800 (Philippine Standard Time) | Action: (CheckIn) "c:\xampp\htdocs\hrd_hub/cscro6-trainings.atwebpages.com/pa/components/processes/logout.php"
Fri May 02 2025 08:31:08 GMT+0800 (Philippine Standard Time) | Action: (CheckIn) "Successfully Checked In."
Fri May 02 2025 08:32:11 GMT+0800 (Philippine Standard Time) | Action: (CheckIn) "c:\xampp\htdocs\hrd_hub/cscro6-trainings.atwebpages.com/pa/components/processes/logout.php"
Fri May 02 2025 08:32:19 GMT+0800 (Philippine Standard Time) | Action: (Upload) "c:\xampp\htdocs\hrd_hub/cscro6-trainings.atwebpages.com/pa/components/processes/logout.php"
Fri May 02 2025 08:32:22 GMT+0800 (Philippine Standard Time) | Error: (Upload) {Checkout file before you Upload!}
Fri May 02 2025 08:32:29 GMT+0800 (Philippine Standard Time) | Action: (CheckOut) "/cscro6-trainings.atwebpages.com/pa/components/processes/logout.php"
Fri May 02 2025 08:32:38 GMT+0800 (Philippine Standard Time) | Action: (CheckOut) "Successfully Checked Out /cscro6-trainings.atwebpages.com/pa/components/processes/logout.php"
Fri May 02 2025 09:35:04 GMT+0800 (Philippine Standard Time) | Action: (Upload) "c:\xampp\htdocs\hrd_hub/cscro6-trainings.atwebpages.com/pa/components/processes/logout.php"
Fri May 02 2025 09:35:11 GMT+0800 (Philippine Standard Time) | Action: (Upload) "/cscro6-trainings.atwebpages.com/pa/components/processes/logout.php"
Fri May 02 2025 09:35:14 GMT+0800 (Philippine Standard Time) | Action: (Upload) "Successfully Uploaded."
Fri May 02 2025 09:44:37 GMT+0800 (Philippine Standard Time) | Action: (CheckIn) "c:\xampp\htdocs\hrd_hub/cscro6-trainings.atwebpages.com/pa/index.php"
Fri May 02 2025 09:44:40 GMT+0800 (Philippine Standard Time) | Error: (CheckIn) {Checkout file before you Check-In!}
Fri May 02 2025 09:44:43 GMT+0800 (Philippine Standard Time) | Action: (CheckOut) "/cscro6-trainings.atwebpages.com/pa/index.php"
Fri May 02 2025 09:44:51 GMT+0800 (Philippine Standard Time) | Action: (CheckIn) "c:\xampp\htdocs\hrd_hub/cscro6-trainings.atwebpages.com/pa/index.php"
Fri May 02 2025 09:44:52 GMT+0800 (Philippine Standard Time) | Action: (CheckOut) "Successfully Checked Out /cscro6-trainings.atwebpages.com/pa/index.php"
Fri May 02 2025 09:44:55 GMT+0800 (Philippine Standard Time) | Error: (CheckIn) {Checkout file before you Check-In!}
Fri May 02 2025 09:45:06 GMT+0800 (Philippine Standard Time) | Action: (CheckIn) "Successfully Checked In."
Fri May 02 2025 09:45:27 GMT+0800 (Philippine Standard Time) | Action: (CheckOut) "/cscro6-trainings.atwebpages.com/pa/components/processes/logout.php"
Fri May 02 2025 09:45:35 GMT+0800 (Philippine Standard Time) | Action: (CheckIn) "c:\xampp\htdocs\hrd_hub/cscro6-trainings.atwebpages.com/pa/components/processes/logout.php"
Fri May 02 2025 09:45:36 GMT+0800 (Philippine Standard Time) | Action: (CheckOut) "Already Checked Out /cscro6-trainings.atwebpages.com/pa/components/processes/logout.php"
Fri May 02 2025 09:45:41 GMT+0800 (Philippine Standard Time) | Action: (CheckOut) "/cscro6-trainings.atwebpages.com/pa/index.php"
Fri May 02 2025 09:45:49 GMT+0800 (Philippine Standard Time) | Action: (CheckIn) "Successfully Checked In."
Fri May 02 2025 09:45:50 GMT+0800 (Philippine Standard Time) | Action: (CheckOut) "Successfully Checked Out /cscro6-trainings.atwebpages.com/pa/index.php"
Fri May 02 2025 09:46:12 GMT+0800 (Philippine Standard Time) | Action: (CheckIn) "c:\xampp\htdocs\hrd_hub/cscro6-trainings.atwebpages.com/pa/index.php"
Fri May 02 2025 09:46:24 GMT+0800 (Philippine Standard Time) | Action: (CheckIn) "Successfully Checked In."
Fri May 02 2025 09:47:36 GMT+0800 (Philippine Standard Time) | Action: (CheckIn) "c:\xampp\htdocs\hrd_hub/cscro6-trainings.atwebpages.com/pa/index.php"
Fri May 02 2025 09:47:45 GMT+0800 (Philippine Standard Time) | Action: (CheckIn) "c:\xampp\htdocs\hrd_hub/cscro6-trainings.atwebpages.com/pa/index.php"
Fri May 02 2025 09:47:48 GMT+0800 (Philippine Standard Time) | Error: (CheckIn) {Checkout file before you Check-In!}
Fri May 02 2025 09:47:51 GMT+0800 (Philippine Standard Time) | Action: (CheckOut) "/cscro6-trainings.atwebpages.com/pa/index.php"
Fri May 02 2025 09:48:00 GMT+0800 (Philippine Standard Time) | Action: (CheckOut) "Successfully Checked Out /cscro6-trainings.atwebpages.com/pa/index.php"
Fri May 02 2025 09:49:01 GMT+0800 (Philippine Standard Time) | Action: (CheckIn) "c:\xampp\htdocs\hrd_hub/cscro6-trainings.atwebpages.com/pa/index.php"
Fri May 02 2025 09:49:13 GMT+0800 (Philippine Standard Time) | Action: (CheckIn) "Successfully Checked In."
Fri May 02 2025 09:52:49 GMT+0800 (Philippine Standard Time) | Action: (CheckIn) "c:\xampp\htdocs\hrd_hub/cscro6-trainings.atwebpages.com/pa/index.php"
Fri May 02 2025 09:52:53 GMT+0800 (Philippine Standard Time) | Error: (CheckIn) {Checkout file before you Check-In!}
Fri May 02 2025 09:52:54 GMT+0800 (Philippine Standard Time) | Error: (CheckIn) {Checkout file before you Check-In!}
Fri May 02 2025 09:52:56 GMT+0800 (Philippine Standard Time) | Action: (CheckOut) "/cscro6-trainings.atwebpages.com/pa/index.php"
Fri May 02 2025 09:53:05 GMT+0800 (Philippine Standard Time) | Action: (CheckOut) "Successfully Checked Out /cscro6-trainings.atwebpages.com/pa/index.php"
Fri May 02 2025 09:53:22 GMT+0800 (Philippine Standard Time) | Action: (CheckIn) "c:\xampp\htdocs\hrd_hub/cscro6-trainings.atwebpages.com/pa/index.php"
Fri May 02 2025 09:53:34 GMT+0800 (Philippine Standard Time) | Action: (CheckIn) "Successfully Checked In."
Fri May 02 2025 09:54:02 GMT+0800 (Philippine Standard Time) | Action: (CheckOut) "/cscro6-trainings.atwebpages.com/pa/index.php"
Fri May 02 2025 09:54:11 GMT+0800 (Philippine Standard Time) | Action: (CheckOut) "Successfully Checked Out /cscro6-trainings.atwebpages.com/pa/index.php"
